// Jest Snapshot v1, https://goo.gl/fbAQLP

exports[`Pruebasn en <RealExampleRe /> debe mostrarse correctamente 1`] = `
<div
  className="container mt-4"
>
  <h1>
    Real Example Ref
  </h1>
  <hr />
  <button
    className="btn btn-primary mt-5"
    onClick={[Function]}
  >
    Show / Hide
  </button>
</div>
`;
