// Jest Snapshot v1, https://goo.gl/fbAQLP

exports[`Pruebas en <MultipleCustomHooks /> debe de mostrarse correctamente 1`] = `
<div
  className=" mt-4"
>
  <h1>
    BreakingBad Characters
  </h1>
  <hr />
  <div
    className="alert alert-info text-center"
  >
    Loading...
  </div>
</div>
`;
